
> cremant-pionniers@1.0.0 build
> next build

   ▲ Next.js 15.0.3
   - Environments: .env.local

   Creating an optimized production build ...
 ✓ Compiled successfully
   Linting and checking validity of types ...

./app/admin/dashboard/page.tsx
62:6  Warning: React Hook useEffect has a missing dependency: 'fetchData'. Either include it or remove the dependency array.  react-hooks/exhaustive-deps

./app/admin/events/[id]/page.tsx
116:6  Warning: React Hook useEffect has a missing dependency: 'fetchEventData'. Either include it or remove the dependency array.  react-hooks/exhaustive-deps

./app/admin/login/page.tsx
94:13  Warning: Do not use an `<a>` element to navigate to `/`. Use `<Link />` from `next/link` instead. See: https://nextjs.org/docs/messages/no-html-link-for-pages  @next/next/no-html-link-for-pages

./app/admin/promo-codes/page.tsx
46:6  Warning: React Hook useEffect has a missing dependency: 'fetchPromoCodes'. Either include it or remove the dependency array.  react-hooks/exhaustive-deps

./app/event/templates/DefaultEventTemplate.tsx
155:23  Warning: Using `<img>` could result in slower LCP and higher bandwidth. Consider using `<Image />` from `next/image` to automatically optimize images. This may incur additional usage or cost from your provider. See: https://nextjs.org/docs/messages/no-img-element  @next/next/no-img-element

./app/event/templates/EventTemplate_Cremant.tsx
268:23  Warning: Using `<img>` could result in slower LCP and higher bandwidth. Consider using `<Image />` from `next/image` to automatically optimize images. This may incur additional usage or cost from your provider. See: https://nextjs.org/docs/messages/no-img-element  @next/next/no-img-element

./app/event/[slug]/page.tsx
189:13  Warning: Using `<img>` could result in slower LCP and higher bandwidth. Consider using `<Image />` from `next/image` to automatically optimize images. This may incur additional usage or cost from your provider. See: https://nextjs.org/docs/messages/no-img-element  @next/next/no-img-element

./app/merci/[code]/page.tsx
213:17  Warning: Using `<img>` could result in slower LCP and higher bandwidth. Consider using `<Image />` from `next/image` to automatically optimize images. This may incur additional usage or cost from your provider. See: https://nextjs.org/docs/messages/no-img-element  @next/next/no-img-element

./components/event/AboutSection.tsx
92:17  Warning: Using `<img>` could result in slower LCP and higher bandwidth. Consider using `<Image />` from `next/image` to automatically optimize images. This may incur additional usage or cost from your provider. See: https://nextjs.org/docs/messages/no-img-element  @next/next/no-img-element

./components/event/MediaSection.tsx
55:17  Warning: Using `<img>` could result in slower LCP and higher bandwidth. Consider using `<Image />` from `next/image` to automatically optimize images. This may incur additional usage or cost from your provider. See: https://nextjs.org/docs/messages/no-img-element  @next/next/no-img-element
89:17  Warning: Using `<img>` could result in slower LCP and higher bandwidth. Consider using `<Image />` from `next/image` to automatically optimize images. This may incur additional usage or cost from your provider. See: https://nextjs.org/docs/messages/no-img-element  @next/next/no-img-element

info  - Need to disable some ESLint rules? Learn more here: https://nextjs.org/docs/app/building-your-application/configuring/eslint#disabling-rules
Failed to compile.

./app/admin/dashboard/page.tsx:451:11
Type error: Type '{ name: string; slug: string; description: string; start_date: string; end_date: string; section_id: string; status: "DRAFT" | "ACTIVE" | "CLOSED"; hero_image_url: string; hero_title: string; hero_subtitle: string; hero_show_stats: true; hero_cta_text: string; } | undefined' is not assignable to type 'Partial<EventFormValues> | undefined'.
  Type '{ name: string; slug: string; description: string; start_date: string; end_date: string; section_id: string; status: "DRAFT" | "ACTIVE" | "CLOSED"; hero_image_url: string; hero_title: string; hero_subtitle: string; hero_show_stats: true; hero_cta_text: string; }' is not assignable to type 'Partial<EventFormValues>'.
    Types of property 'status' are incompatible.
      Type '"DRAFT" | "ACTIVE" | "CLOSED"' is not assignable to type '"" | "DRAFT" | "ACTIVE" | "ARCHIVED" | undefined'.
        Type '"CLOSED"' is not assignable to type '"" | "DRAFT" | "ACTIVE" | "ARCHIVED" | undefined'.

[0m [90m 449 |[39m       [33m>[39m[0m
[0m [90m 450 |[39m         [33m<[39m[33mEventForm[39m[0m
[0m[31m[1m>[22m[39m[90m 451 |[39m           initialValues[33m=[39m{[0m
[0m [90m     |[39m           [31m[1m^[22m[39m[0m
[0m [90m 452 |[39m             editingEvent[0m
[0m [90m 453 |[39m               [33m?[39m {[0m
[0m [90m 454 |[39m                   name[33m:[39m editingEvent[33m.[39mname[33m,[39m[0m
